// Jest Snapshot v1, https://goo.gl/fbAQLP

exports[`<Posts /> should match snapshot 1`] = `
<div
  class="posts"
>
  <div
    class="post"
    id="1"
  >
    <img
      alt="title-test 1"
      src="img/img1.jpg"
    />
    <div
      class="post-content"
    >
      <h2>
         
        title-test 1
         
        1
         
      </h2>
      <p>
         
        body-test 1
         
      </p>
    </div>
  </div>
  <div
    class="post"
    id="2"
  >
    <img
      alt="title-test 2"
      src="img/img2.jpg"
    />
    <div
      class="post-content"
    >
      <h2>
         
        title-test 2
         
        2
         
      </h2>
      <p>
         
        body-test 2
         
      </p>
    </div>
  </div>
  <div
    class="post"
    id="3"
  >
    <img
      alt="title-test 3"
      src="img/img3.jpg"
    />
    <div
      class="post-content"
    >
      <h2>
         
        title-test 3
         
        3
         
      </h2>
      <p>
         
        body-test 3
         
      </p>
    </div>
  </div>
</div>
`;
